
PLAY [testhost] ****************************************************************

TASK [Changed task] ************************************************************
changed: [testhost]

TASK [Failed task] *************************************************************
fatal: [testhost]: FAILED! => {"changed": false, "msg": "no reason"}
...ignoring

TASK [Task with var in name (foo bar)] *****************************************
changed: [testhost]

TASK [Loop task] ***************************************************************
changed: [testhost] => (item=foo-1)
changed: [testhost] => (item=foo-2)
changed: [testhost] => (item=foo-3)

TASK [debug loop] **************************************************************
changed: [testhost] => (item=debug-1) => {
    "msg": "debug-1"
}
failed: [testhost] (item=debug-2) => {
    "msg": "debug-2"
}
fatal: [testhost]: FAILED! => {"msg": "All items completed"}
...ignoring

TASK [EXPECTED FAILURE Failed task to be rescued] ******************************
fatal: [testhost]: FAILED! => {"changed": false, "msg": "Failed as requested from task"}

TASK [Rescue task] *************************************************************
changed: [testhost]

RUNNING HANDLER [Test handler 1] ***********************************************
changed: [testhost]

RUNNING HANDLER [Test handler 3] ***********************************************
changed: [testhost]

PLAY [testhost] ****************************************************************

TASK [First free task] *********************************************************
changed: [testhost]

TASK [Second free task] ********************************************************
changed: [testhost]
included: $PWD/.include.yml for testhost
included: $PWD/.include.yml for testhost => (item=one)
included: $PWD/.include.yml for testhost => (item=two)

TASK [Just print an item if defined] *******************************************
changed: [testhost]

TASK [Just print an item if defined] *******************************************
changed: [testhost]
included: $PWD/.include.yml for testhost => (item=foo-one)
included: $PWD/.include.yml for testhost => (item=foo-two)

TASK [Just print an item if defined] *******************************************
changed: [testhost]

TASK [Just print an item if defined] *******************************************
changed: [testhost]
included: $PWD/.include.yml for testhost => (item=(censored due to no_log))
included: $PWD/.include.yml for testhost => (item=(censored due to no_log))

TASK [Just print an item if defined] *******************************************
changed: [testhost]

TASK [Just print an item if defined] *******************************************
changed: [testhost]

PLAY RECAP *********************************************************************
testhost                   : ok=25   changed=15   unreachable=0    failed=0    skipped=2    rescued=1    ignored=2   

