+ ansible-playbook -i ../../inventory test.yml
++ set +x
[0;31mfatal: [testhost]: FAILED! => {"changed": false, "msg": "no reason"}[0m
