
PLAY [testhost] ****************************************************************

TASK [Failed task] *************************************************************
fatal: [testhost]: FAILED! => {"changed": false, "msg": "no reason"}
...ignoring

TASK [debug loop] **************************************************************
failed: [testhost] (item=debug-2) => {
    "msg": "debug-2"
}
fatal: [testhost]: FAILED! => {"msg": "All items completed"}
...ignoring

TASK [EXPECTED FAILURE Failed task to be rescued] ******************************
fatal: [testhost]: FAILED! => {"changed": false, "msg": "Failed as requested from task"}

PLAY [testhost] ****************************************************************

PLAY RECAP *********************************************************************
testhost                   : ok=12   changed=9    unreachable=0    failed=0    skipped=1    rescued=1    ignored=2   

