
PLAY [localhost] ***************************************************************

TASK [Gathering Facts] *********************************************************
ok: [localhost]

TASK [assert] ******************************************************************
ok: [localhost] => (item=item_A)

TASK [assert] ******************************************************************
ok: [localhost] => (item=item_A) => {
    "changed": false, 
    "item": "item_A", 
    "msg": "All assertions passed"
}

PLAY RECAP *********************************************************************
localhost                  : ok=3    changed=0    unreachable=0    failed=0   

